[2026-07-08 14:14:41] Make sure your bluetooth is on

[2026-07-08 14:14:42] ==================================================

[2026-07-08 14:14:42]   SCANNER MULTI-DEVICES POLAR (H10 / OH1) + LSL + UDP

[2026-07-08 14:14:42] ==================================================

[2026-07-08 14:14:42] 

[2026-07-08 14:14:42] [Polar] Scan Bluetooth en cours...

[2026-07-08 14:14:50] SELECT DEVICES

[2026-07-08 14:14:50]   [Polar H10] Polar H10 099EED32  (24:AC:AC:09:9E:ED) — In waiting of validation [Y/N] from the interface...

[2026-07-08 14:14:53] [UDP] Connection choice saved : Y

[2026-07-08 14:14:53]     -> Selected 

[2026-07-08 14:14:53] [INFO] Streaming LSL mode activated

[2026-07-08 14:14:53] 2026-07-08 14:14:53.375 (  11.113s) [        B57D582D]      netinterfaces.cpp:36    INFO| netif '{539DC577-D99F-4316-A639-663F22E9C6BE}' (status: 2, multicast: 1

[2026-07-08 14:14:53] 2026-07-08 14:14:53.376 (  11.114s) [        B57D582D]      netinterfaces.cpp:36    INFO| netif '{03D9F15A-86BA-4B7A-A147-4EBD233E9CB6}' (status: 2, multicast: 1

[2026-07-08 14:14:53] 2026-07-08 14:14:53.376 (  11.114s) [        B57D582D]      netinterfaces.cpp:36    INFO| netif '{86555E7A-DE92-468E-9441-D4D1450E0FAD}' (status: 2, multicast: 1

[2026-07-08 14:14:53] 2026-07-08 14:14:53.376 (  11.114s) [        B57D582D]      netinterfaces.cpp:36    INFO| netif '{A569205C-FFC8-48F8-A20C-C21819A3FF1D}' (status: 1, multicast: 1

[2026-07-08 14:14:53] 2026-07-08 14:14:53.377 (  11.115s) [        B57D582D]      netinterfaces.cpp:58    INFO| 	IPv6 ifindex 16

[2026-07-08 14:14:53] 2026-07-08 14:14:53.377 (  11.115s) [        B57D582D]      netinterfaces.cpp:36    INFO| netif '{29230910-F66C-481E-A68D-484BEE8D21A6}' (status: 2, multicast: 1

[2026-07-08 14:14:53] 2026-07-08 14:14:53.377 (  11.115s) [        B57D582D]      netinterfaces.cpp:36    INFO| netif '{0F9D47FB-694C-11F1-A216-806E6F6E6963}' (status: 1, multicast: 1

[2026-07-08 14:14:53] 2026-07-08 14:14:53.377 (  11.115s) [        B57D582D]      netinterfaces.cpp:58    INFO| 	IPv6 ifindex 1

[2026-07-08 14:14:53] 2026-07-08 14:14:53.378 (  11.116s) [        B57D582D]         api_config.cpp:126   INFO| Loaded default config

[2026-07-08 14:14:53] 2026-07-08 14:14:53.381 (  11.119s) [        B57D582D]             common.cpp:78    INFO| git:64988c6a14b8dc3b3f270ece58eab4f480bfab43/branch:refs/tags/v1.17.7/build:Release/compiler:MSVC-19.29.30159.0/link:SHARED

[2026-07-08 14:14:53] START STREAMING

[2026-07-08 14:14:53]   Polar H10  24:AC:AC:09:9E:ED  :  C:\Users\elois\anaconda3\envs\dataEnvironment\python.exe PolarH10_LSL.py --mac 24:AC:AC:09:9E:ED --category-file C:\Users\elois\AppData\Local\Temp\polar_category.txt

[2026-07-08 14:14:53] [14:14:53] Category : Rest  |  [s] Stroop  [r] Reaction  [n] N-Back  [t] Rest  [q] Test1  [w] Test2  [e] Test3

[2026-07-08 14:14:53] Scanning for Polar H10 at 24:AC:AC:09:9E:ED...

[2026-07-08 14:14:55] [14:14:54] Category : Rest  |  [s] Stroop  [r] Reaction  [n] N-Back  [t] Rest  [q] Test1  [w] Test2  [e] Test3

[2026-07-08 14:14:55] [14:14:55] Category : Rest  |  [s] Stroop  [r] Reaction  [n] N-Back  [t] Rest  [q] Test1  [w] Test2  [e] Test3

[2026-07-08 14:14:55] Found Polar H10 099EED32, connecting...

[2026-07-08 14:14:55] 2026-07-08 14:14:55.990 (   2.346s) [        67AAB6CE]      netinterfaces.cpp:36    INFO| netif '{539DC577-D99F-4316-A639-663F22E9C6BE}' (status: 2, multicast: 1

[2026-07-08 14:14:55] 2026-07-08 14:14:55.990 (   2.346s) [        67AAB6CE]      netinterfaces.cpp:36    INFO| netif '{03D9F15A-86BA-4B7A-A147-4EBD233E9CB6}' (status: 2, multicast: 1

[2026-07-08 14:14:55] 2026-07-08 14:14:55.991 (   2.346s) [        67AAB6CE]      netinterfaces.cpp:36    INFO| netif '{86555E7A-DE92-468E-9441-D4D1450E0FAD}' (status: 2, multicast: 1

[2026-07-08 14:14:55] 2026-07-08 14:14:55.991 (   2.346s) [        67AAB6CE]      netinterfaces.cpp:36    INFO| netif '{A569205C-FFC8-48F8-A20C-C21819A3FF1D}' (status: 1, multicast: 1

[2026-07-08 14:14:56] 2026-07-08 14:14:55.991 (   2.347s) [        67AAB6CE]      netinterfaces.cpp:58    INFO| 	IPv6 ifindex 16

[2026-07-08 14:14:56] 2026-07-08 14:14:55.991 (   2.347s) [        67AAB6CE]      netinterfaces.cpp:36    INFO| netif '{29230910-F66C-481E-A68D-484BEE8D21A6}' (status: 2, multicast: 1

[2026-07-08 14:14:56] 2026-07-08 14:14:55.992 (   2.347s) [        67AAB6CE]      netinterfaces.cpp:36    INFO| netif '{0F9D47FB-694C-11F1-A216-806E6F6E6963}' (status: 1, multicast: 1

[2026-07-08 14:14:56] 2026-07-08 14:14:55.992 (   2.347s) [        67AAB6CE]      netinterfaces.cpp:58    INFO| 	IPv6 ifindex 1

[2026-07-08 14:14:56] 2026-07-08 14:14:55.992 (   2.348s) [        67AAB6CE]         api_config.cpp:126   INFO| Loaded default config

[2026-07-08 14:14:56] 2026-07-08 14:14:55.993 (   2.349s) [        67AAB6CE]             common.cpp:78    INFO| git:64988c6a14b8dc3b3f270ece58eab4f480bfab43/branch:refs/tags/v1.17.7/build:Release/compiler:MSVC-19.29.30159.0/link:SHARED

[2026-07-08 14:14:57] [14:14:56] Category : Rest  |  [s] Stroop  [r] Reaction  [n] N-Back  [t] Rest  [q] Test1  [w] Test2  [e] Test3

[2026-07-08 14:14:57] [14:14:57] Category : Rest  |  [s] Stroop  [r] Reaction  [n] N-Back  [t] Rest  [q] Test1  [w] Test2  [e] Test3

[2026-07-08 14:14:57] Connected!

[2026-07-08 14:14:57] Enabling HR stream...

[2026-07-08 14:14:57] Error: Characteristic 00002a37-0000-1000-8000-00805f9b34fb was not found!

[2026-07-08 14:14:59] [14:14:58] Category : Rest  |  [s] Stroop  [r] Reaction  [n] N-Back  [t] Rest  [q] Test1  [w] Test2  [e] Test3

[2026-07-08 14:15:00] [14:14:59] Category : Rest  |  [s] Stroop  [r] Reaction  [n] N-Back  [t] Rest  [q] Test1  [w] Test2  [e] Test3

[2026-07-08 14:15:01] [14:15:00] Category : Rest  |  [s] Stroop  [r] Reaction  [n] N-Back  [t] Rest  [q] Test1  [w] Test2  [e] Test3

[2026-07-08 14:15:02] [14:15:01] Category : Rest  |  [s] Stroop  [r] Reaction  [n] N-Back  [t] Rest  [q] Test1  [w] Test2  [e] Test3

[2026-07-08 14:15:03] [14:15:02] Category : Rest  |  [s] Stroop  [r] Reaction  [n] N-Back  [t] Rest  [q] Test1  [w] Test2  [e] Test3

[2026-07-08 14:15:04] [14:15:03] Category : Rest  |  [s] Stroop  [r] Reaction  [n] N-Back  [t] Rest  [q] Test1  [w] Test2  [e] Test3

[2026-07-08 14:15:05] [14:15:04] Category : Rest  |  [s] Stroop  [r] Reaction  [n] N-Back  [t] Rest  [q] Test1  [w] Test2  [e] Test3

[2026-07-08 14:15:06] [14:15:05] Category : Rest  |  [s] Stroop  [r] Reaction  [n] N-Back  [t] Rest  [q] Test1  [w] Test2  [e] Test3

[2026-07-08 14:15:07] [14:15:06] Category : Rest  |  [s] Stroop  [r] Reaction  [n] N-Back  [t] Rest  [q] Test1  [w] Test2  [e] Test3

[2026-07-08 14:15:08] [14:15:07] Category : Rest  |  [s] Stroop  [r] Reaction  [n] N-Back  [t] Rest  [q] Test1  [w] Test2  [e] Test3

[2026-07-08 14:15:09] [14:15:08] Category : Rest  |  [s] Stroop  [r] Reaction  [n] N-Back  [t] Rest  [q] Test1  [w] Test2  [e] Test3

[2026-07-08 14:15:10] [14:15:09] Category : Rest  |  [s] Stroop  [r] Reaction  [n] N-Back  [t] Rest  [q] Test1  [w] Test2  [e] Test3

[2026-07-08 14:15:11] [14:15:10] Category : Rest  |  [s] Stroop  [r] Reaction  [n] N-Back  [t] Rest  [q] Test1  [w] Test2  [e] Test3

[2026-07-08 14:15:12] [14:15:11] Category : Rest  |  [s] Stroop  [r] Reaction  [n] N-Back  [t] Rest  [q] Test1  [w] Test2  [e] Test3

[2026-07-08 14:15:13] [14:15:12] Category : Rest  |  [s] Stroop  [r] Reaction  [n] N-Back  [t] Rest  [q] Test1  [w] Test2  [e] Test3

[2026-07-08 14:15:14] [14:15:13] Category : Rest  |  [s] Stroop  [r] Reaction  [n] N-Back  [t] Rest  [q] Test1  [w] Test2  [e] Test3

[2026-07-08 14:15:15] [14:15:14] Category : Rest  |  [s] Stroop  [r] Reaction  [n] N-Back  [t] Rest  [q] Test1  [w] Test2  [e] Test3

[2026-07-08 14:15:16] [14:15:15] Category : Rest  |  [s] Stroop  [r] Reaction  [n] N-Back  [t] Rest  [q] Test1  [w] Test2  [e] Test3

[2026-07-08 14:15:17] [14:15:16] Category : Rest  |  [s] Stroop  [r] Reaction  [n] N-Back  [t] Rest  [q] Test1  [w] Test2  [e] Test3

[2026-07-08 14:15:18] [14:15:17] Category : Rest  |  [s] Stroop  [r] Reaction  [n] N-Back  [t] Rest  [q] Test1  [w] Test2  [e] Test3

[2026-07-08 14:15:19] [14:15:18] Category : Rest  |  [s] Stroop  [r] Reaction  [n] N-Back  [t] Rest  [q] Test1  [w] Test2  [e] Test3

[2026-07-08 14:15:20] [14:15:19] Category : Rest  |  [s] Stroop  [r] Reaction  [n] N-Back  [t] Rest  [q] Test1  [w] Test2  [e] Test3

[2026-07-08 14:15:21] [14:15:20] Category : Rest  |  [s] Stroop  [r] Reaction  [n] N-Back  [t] Rest  [q] Test1  [w] Test2  [e] Test3

[2026-07-08 14:15:22] [14:15:21] Category : Rest  |  [s] Stroop  [r] Reaction  [n] N-Back  [t] Rest  [q] Test1  [w] Test2  [e] Test3

[2026-07-08 14:15:23] [14:15:22] Category : Rest  |  [s] Stroop  [r] Reaction  [n] N-Back  [t] Rest  [q] Test1  [w] Test2  [e] Test3

[2026-07-08 14:15:24] [14:15:23] Category : Rest  |  [s] Stroop  [r] Reaction  [n] N-Back  [t] Rest  [q] Test1  [w] Test2  [e] Test3

[2026-07-08 14:15:25] [14:15:24] Category : Rest  |  [s] Stroop  [r] Reaction  [n] N-Back  [t] Rest  [q] Test1  [w] Test2  [e] Test3

[2026-07-08 14:15:26] [14:15:25] Category : Rest  |  [s] Stroop  [r] Reaction  [n] N-Back  [t] Rest  [q] Test1  [w] Test2  [e] Test3

[2026-07-08 14:15:27] [14:15:26] Category : Rest  |  [s] Stroop  [r] Reaction  [n] N-Back  [t] Rest  [q] Test1  [w] Test2  [e] Test3

[2026-07-08 14:15:28] Stop the process

[2026-07-08 14:15:28] [14:15:27] Category : Rest  |  [s] Stroop  [r] Reaction  [n] N-Back  [t] Rest  [q] Test1  [w] Test2  [e] Test3

