[2026-07-08 10:31:49] Make sure your bluetooth is on

[2026-07-08 10:31:50] ==================================================

[2026-07-08 10:31:50]   SCANNER MULTI-DEVICES POLAR (H10 / OH1) + LSL + UDP

[2026-07-08 10:31:50] ==================================================

[2026-07-08 10:31:50] 

[2026-07-08 10:31:50] [Polar] Scan Bluetooth en cours...

[2026-07-08 10:31:58] SELECT DEVICES

[2026-07-08 10:31:58]   [Polar OH1] Polar OH1 021A053D  (24:AC:AC:02:1A:05) — In waiting of validation [Y/N] from the interface...

[2026-07-08 10:32:00] [UDP] Connection choice saved : Y

[2026-07-08 10:32:00]     -> Selected 

[2026-07-08 10:32:00] [INFO] Streaming LSL mode activated

[2026-07-08 10:32:00] 2026-07-08 10:32:00.379 (  10.307s) [        276FA4FF]      netinterfaces.cpp:36    INFO| netif '{539DC577-D99F-4316-A639-663F22E9C6BE}' (status: 2, multicast: 1

[2026-07-08 10:32:00] 2026-07-08 10:32:00.379 (  10.308s) [        276FA4FF]      netinterfaces.cpp:36    INFO| netif '{03D9F15A-86BA-4B7A-A147-4EBD233E9CB6}' (status: 2, multicast: 1

[2026-07-08 10:32:00] 2026-07-08 10:32:00.379 (  10.308s) [        276FA4FF]      netinterfaces.cpp:36    INFO| netif '{86555E7A-DE92-468E-9441-D4D1450E0FAD}' (status: 2, multicast: 1

[2026-07-08 10:32:00] 2026-07-08 10:32:00.380 (  10.308s) [        276FA4FF]      netinterfaces.cpp:36    INFO| netif '{A569205C-FFC8-48F8-A20C-C21819A3FF1D}' (status: 1, multicast: 1

[2026-07-08 10:32:00] 2026-07-08 10:32:00.380 (  10.308s) [        276FA4FF]      netinterfaces.cpp:58    INFO| 	IPv6 ifindex 16

[2026-07-08 10:32:00] 2026-07-08 10:32:00.380 (  10.308s) [        276FA4FF]      netinterfaces.cpp:36    INFO| netif '{29F65F6A-285D-4883-9D9E-547CCAF93479}' (status: 2, multicast: 1

[2026-07-08 10:32:00] 2026-07-08 10:32:00.380 (  10.309s) [        276FA4FF]      netinterfaces.cpp:36    INFO| netif '{0F9D47FB-694C-11F1-A216-806E6F6E6963}' (status: 1, multicast: 1

[2026-07-08 10:32:00] 2026-07-08 10:32:00.380 (  10.309s) [        276FA4FF]      netinterfaces.cpp:58    INFO| 	IPv6 ifindex 1

[2026-07-08 10:32:00] 2026-07-08 10:32:00.380 (  10.309s) [        276FA4FF]         api_config.cpp:126   INFO| Loaded default config

[2026-07-08 10:32:00] 2026-07-08 10:32:00.381 (  10.310s) [        276FA4FF]             common.cpp:78    INFO| git:64988c6a14b8dc3b3f270ece58eab4f480bfab43/branch:refs/tags/v1.17.7/build:Release/compiler:MSVC-19.29.30159.0/link:SHARED

[2026-07-08 10:32:00] START STREAMING

[2026-07-08 10:32:00]   Polar OH1  24:AC:AC:02:1A:05  :  C:\Users\elois\anaconda3\envs\dataEnvironment\python.exe PolarOH1_LSL.py --mac 24:AC:AC:02:1A:05 --category-file C:\Users\elois\AppData\Local\Temp\polar_category.txt

[2026-07-08 10:32:00] [10:32:00] Category : Rest  |  [s] Stroop  [r] Reaction  [n] N-Back  [t] Rest  [q] Test1  [w] Test2  [e] Test3

[2026-07-08 10:32:00] Connecting to Polar OH1 at 24:AC:AC:02:1A:05...

[2026-07-08 10:32:00] 2026-07-08 10:32:00.584 (   0.013s) [        99771317]      netinterfaces.cpp:36    INFO| netif '{539DC577-D99F-4316-A639-663F22E9C6BE}' (status: 2, multicast: 1

[2026-07-08 10:32:00] 2026-07-08 10:32:00.584 (   0.013s) [        99771317]      netinterfaces.cpp:36    INFO| netif '{03D9F15A-86BA-4B7A-A147-4EBD233E9CB6}' (status: 2, multicast: 1

[2026-07-08 10:32:00] 2026-07-08 10:32:00.585 (   0.013s) [        99771317]      netinterfaces.cpp:36    INFO| netif '{86555E7A-DE92-468E-9441-D4D1450E0FAD}' (status: 2, multicast: 1

[2026-07-08 10:32:00] 2026-07-08 10:32:00.585 (   0.013s) [        99771317]      netinterfaces.cpp:36    INFO| netif '{A569205C-FFC8-48F8-A20C-C21819A3FF1D}' (status: 1, multicast: 1

[2026-07-08 10:32:00] 2026-07-08 10:32:00.585 (   0.014s) [        99771317]      netinterfaces.cpp:58    INFO| 	IPv6 ifindex 16

[2026-07-08 10:32:00] 2026-07-08 10:32:00.585 (   0.014s) [        99771317]      netinterfaces.cpp:36    INFO| netif '{29F65F6A-285D-4883-9D9E-547CCAF93479}' (status: 2, multicast: 1

[2026-07-08 10:32:00] 2026-07-08 10:32:00.585 (   0.014s) [        99771317]      netinterfaces.cpp:36    INFO| netif '{0F9D47FB-694C-11F1-A216-806E6F6E6963}' (status: 1, multicast: 1

[2026-07-08 10:32:00] 2026-07-08 10:32:00.585 (   0.014s) [        99771317]      netinterfaces.cpp:58    INFO| 	IPv6 ifindex 1

[2026-07-08 10:32:00] 2026-07-08 10:32:00.586 (   0.014s) [        99771317]         api_config.cpp:126   INFO| Loaded default config

[2026-07-08 10:32:00] 2026-07-08 10:32:00.586 (   0.015s) [        99771317]             common.cpp:78    INFO| git:64988c6a14b8dc3b3f270ece58eab4f480bfab43/branch:refs/tags/v1.17.7/build:Release/compiler:MSVC-19.29.30159.0/link:SHARED

[2026-07-08 10:32:02] [10:32:01] Category : Rest  |  [s] Stroop  [r] Reaction  [n] N-Back  [t] Rest  [q] Test1  [w] Test2  [e] Test3

[2026-07-08 10:32:03] [10:32:02] Category : Rest  |  [s] Stroop  [r] Reaction  [n] N-Back  [t] Rest  [q] Test1  [w] Test2  [e] Test3

[2026-07-08 10:32:04] [10:32:03] Category : Rest  |  [s] Stroop  [r] Reaction  [n] N-Back  [t] Rest  [q] Test1  [w] Test2  [e] Test3

[2026-07-08 10:32:04] [10:32:04] Category : Rest  |  [s] Stroop  [r] Reaction  [n] N-Back  [t] Rest  [q] Test1  [w] Test2  [e] Test3

[2026-07-08 10:32:04] Connected.

[2026-07-08 10:32:04] PMD capacity : 0f0e000000000000000000000000000000

[2026-07-08 10:32:04] PMD Response: f00201000000

[2026-07-08 10:32:05] [10:32:05] Category : Rest  |  [s] Stroop  [r] Reaction  [n] N-Back  [t] Rest  [q] Test1  [w] Test2  [e] Test3

[2026-07-08 10:32:05] Streams LSL active (HR + PPG).

[2026-07-08 10:32:07] [10:32:06] Category : Rest  |  [s] Stroop  [r] Reaction  [n] N-Back  [t] Rest  [q] Test1  [w] Test2  [e] Test3

[2026-07-08 10:32:08] [10:32:07] Category : Rest  |  [s] Stroop  [r] Reaction  [n] N-Back  [t] Rest  [q] Test1  [w] Test2  [e] Test3

[2026-07-08 10:32:09] [10:32:08] Category : Rest  |  [s] Stroop  [r] Reaction  [n] N-Back  [t] Rest  [q] Test1  [w] Test2  [e] Test3

[2026-07-08 10:32:10] [10:32:09] Category : Rest  |  [s] Stroop  [r] Reaction  [n] N-Back  [t] Rest  [q] Test1  [w] Test2  [e] Test3

[2026-07-08 10:32:11] [10:32:10] Category : Rest  |  [s] Stroop  [r] Reaction  [n] N-Back  [t] Rest  [q] Test1  [w] Test2  [e] Test3

[2026-07-08 10:32:12] [10:32:11] Category : Rest  |  [s] Stroop  [r] Reaction  [n] N-Back  [t] Rest  [q] Test1  [w] Test2  [e] Test3

[2026-07-08 10:32:13] [10:32:12] Category : Rest  |  [s] Stroop  [r] Reaction  [n] N-Back  [t] Rest  [q] Test1  [w] Test2  [e] Test3

[2026-07-08 10:32:14] [10:32:13] Category : Rest  |  [s] Stroop  [r] Reaction  [n] N-Back  [t] Rest  [q] Test1  [w] Test2  [e] Test3

[2026-07-08 10:32:15] [10:32:14] Category : Rest  |  [s] Stroop  [r] Reaction  [n] N-Back  [t] Rest  [q] Test1  [w] Test2  [e] Test3

[2026-07-08 10:32:16] [10:32:15] Category : Rest  |  [s] Stroop  [r] Reaction  [n] N-Back  [t] Rest  [q] Test1  [w] Test2  [e] Test3

[2026-07-08 10:32:17] [10:32:16] Category : Rest  |  [s] Stroop  [r] Reaction  [n] N-Back  [t] Rest  [q] Test1  [w] Test2  [e] Test3

[2026-07-08 10:32:18] [10:32:17] Category : Rest  |  [s] Stroop  [r] Reaction  [n] N-Back  [t] Rest  [q] Test1  [w] Test2  [e] Test3

[2026-07-08 10:32:19] [10:32:18] Category : Rest  |  [s] Stroop  [r] Reaction  [n] N-Back  [t] Rest  [q] Test1  [w] Test2  [e] Test3

[2026-07-08 10:32:20] [10:32:19] Category : Rest  |  [s] Stroop  [r] Reaction  [n] N-Back  [t] Rest  [q] Test1  [w] Test2  [e] Test3

[2026-07-08 10:32:21] [10:32:20] Category : Rest  |  [s] Stroop  [r] Reaction  [n] N-Back  [t] Rest  [q] Test1  [w] Test2  [e] Test3

[2026-07-08 10:32:22] [10:32:21] Category : Rest  |  [s] Stroop  [r] Reaction  [n] N-Back  [t] Rest  [q] Test1  [w] Test2  [e] Test3

[2026-07-08 10:32:23] [10:32:22] Category : Rest  |  [s] Stroop  [r] Reaction  [n] N-Back  [t] Rest  [q] Test1  [w] Test2  [e] Test3

[2026-07-08 10:32:24] [10:32:23] Category : Rest  |  [s] Stroop  [r] Reaction  [n] N-Back  [t] Rest  [q] Test1  [w] Test2  [e] Test3

[2026-07-08 10:32:25] [10:32:24] Category : Rest  |  [s] Stroop  [r] Reaction  [n] N-Back  [t] Rest  [q] Test1  [w] Test2  [e] Test3

[2026-07-08 10:32:26] [10:32:25] Category : Rest  |  [s] Stroop  [r] Reaction  [n] N-Back  [t] Rest  [q] Test1  [w] Test2  [e] Test3

[2026-07-08 10:32:27] [10:32:26] Category : Rest  |  [s] Stroop  [r] Reaction  [n] N-Back  [t] Rest  [q] Test1  [w] Test2  [e] Test3

[2026-07-08 10:32:28] [10:32:27] Category : Rest  |  [s] Stroop  [r] Reaction  [n] N-Back  [t] Rest  [q] Test1  [w] Test2  [e] Test3

[2026-07-08 10:32:29] [10:32:28] Category : Rest  |  [s] Stroop  [r] Reaction  [n] N-Back  [t] Rest  [q] Test1  [w] Test2  [e] Test3

[2026-07-08 10:32:30] Stop the process

[2026-07-08 10:32:30] [10:32:29] Category : Rest  |  [s] Stroop  [r] Reaction  [n] N-Back  [t] Rest  [q] Test1  [w] Test2  [e] Test3

[2026-07-08 10:37:20] Make sure your bluetooth is on

[2026-07-08 10:37:20] ==================================================

[2026-07-08 10:37:20]   SCANNER MULTI-DEVICES POLAR (H10 / OH1) + LSL + UDP

[2026-07-08 10:37:20] ==================================================

[2026-07-08 10:37:20] 

[2026-07-08 10:37:20] [Polar] Scan Bluetooth en cours...

[2026-07-08 10:37:28] SELECT DEVICES

[2026-07-08 10:37:28]   [Polar OH1] Polar OH1 021A053D  (24:AC:AC:02:1A:05) — In waiting of validation [Y/N] from the interface...

[2026-07-08 10:37:31] [UDP] Connection choice saved : Y

[2026-07-08 10:37:31]     -> Selected 

[2026-07-08 10:37:31] [INFO] Streaming LSL mode activated

[2026-07-08 10:37:31] 2026-07-08 10:37:31.824 (  11.242s) [        79400C36]      netinterfaces.cpp:36    INFO| netif '{539DC577-D99F-4316-A639-663F22E9C6BE}' (status: 2, multicast: 1

[2026-07-08 10:37:31] 2026-07-08 10:37:31.824 (  11.242s) [        79400C36]      netinterfaces.cpp:36    INFO| netif '{03D9F15A-86BA-4B7A-A147-4EBD233E9CB6}' (status: 2, multicast: 1

[2026-07-08 10:37:31] 2026-07-08 10:37:31.824 (  11.242s) [        79400C36]      netinterfaces.cpp:36    INFO| netif '{86555E7A-DE92-468E-9441-D4D1450E0FAD}' (status: 2, multicast: 1

[2026-07-08 10:37:31] 2026-07-08 10:37:31.825 (  11.243s) [        79400C36]      netinterfaces.cpp:36    INFO| netif '{A569205C-FFC8-48F8-A20C-C21819A3FF1D}' (status: 1, multicast: 1

[2026-07-08 10:37:31] 2026-07-08 10:37:31.825 (  11.243s) [        79400C36]      netinterfaces.cpp:58    INFO| 	IPv6 ifindex 16

[2026-07-08 10:37:31] 2026-07-08 10:37:31.825 (  11.243s) [        79400C36]      netinterfaces.cpp:36    INFO| netif '{29F65F6A-285D-4883-9D9E-547CCAF93479}' (status: 2, multicast: 1

[2026-07-08 10:37:31] 2026-07-08 10:37:31.825 (  11.243s) [        79400C36]      netinterfaces.cpp:36    INFO| netif '{0F9D47FB-694C-11F1-A216-806E6F6E6963}' (status: 1, multicast: 1

[2026-07-08 10:37:31] 2026-07-08 10:37:31.825 (  11.243s) [        79400C36]      netinterfaces.cpp:58    INFO| 	IPv6 ifindex 1

[2026-07-08 10:37:31] 2026-07-08 10:37:31.826 (  11.244s) [        79400C36]         api_config.cpp:126   INFO| Loaded default config

[2026-07-08 10:37:31] 2026-07-08 10:37:31.826 (  11.244s) [        79400C36]             common.cpp:78    INFO| git:64988c6a14b8dc3b3f270ece58eab4f480bfab43/branch:refs/tags/v1.17.7/build:Release/compiler:MSVC-19.29.30159.0/link:SHARED

[2026-07-08 10:37:31] START STREAMING

[2026-07-08 10:37:31]   Polar OH1  24:AC:AC:02:1A:05  :  C:\Users\elois\anaconda3\envs\dataEnvironment\python.exe PolarOH1_LSL.py --mac 24:AC:AC:02:1A:05 --category-file C:\Users\elois\AppData\Local\Temp\polar_category.txt

[2026-07-08 10:37:32] [10:37:31] Category : Rest  |  [s] Stroop  [r] Reaction  [n] N-Back  [t] Rest  [q] Test1  [w] Test2  [e] Test3

[2026-07-08 10:37:32] Connecting to Polar OH1 at 24:AC:AC:02:1A:05...

[2026-07-08 10:37:32] 2026-07-08 10:37:32.065 (   0.013s) [        6CFFD79D]      netinterfaces.cpp:36    INFO| netif '{539DC577-D99F-4316-A639-663F22E9C6BE}' (status: 2, multicast: 1

[2026-07-08 10:37:32] 2026-07-08 10:37:32.065 (   0.013s) [        6CFFD79D]      netinterfaces.cpp:36    INFO| netif '{03D9F15A-86BA-4B7A-A147-4EBD233E9CB6}' (status: 2, multicast: 1

[2026-07-08 10:37:32] 2026-07-08 10:37:32.065 (   0.013s) [        6CFFD79D]      netinterfaces.cpp:36    INFO| netif '{86555E7A-DE92-468E-9441-D4D1450E0FAD}' (status: 2, multicast: 1

[2026-07-08 10:37:32] 2026-07-08 10:37:32.065 (   0.014s) [        6CFFD79D]      netinterfaces.cpp:36    INFO| netif '{A569205C-FFC8-48F8-A20C-C21819A3FF1D}' (status: 1, multicast: 1

[2026-07-08 10:37:32] 2026-07-08 10:37:32.066 (   0.014s) [        6CFFD79D]      netinterfaces.cpp:58    INFO| 	IPv6 ifindex 16

[2026-07-08 10:37:32] 2026-07-08 10:37:32.066 (   0.014s) [        6CFFD79D]      netinterfaces.cpp:36    INFO| netif '{29F65F6A-285D-4883-9D9E-547CCAF93479}' (status: 2, multicast: 1

[2026-07-08 10:37:32] 2026-07-08 10:37:32.066 (   0.014s) [        6CFFD79D]      netinterfaces.cpp:36    INFO| netif '{0F9D47FB-694C-11F1-A216-806E6F6E6963}' (status: 1, multicast: 1

[2026-07-08 10:37:32] 2026-07-08 10:37:32.066 (   0.014s) [        6CFFD79D]      netinterfaces.cpp:58    INFO| 	IPv6 ifindex 1

[2026-07-08 10:37:32] 2026-07-08 10:37:32.066 (   0.014s) [        6CFFD79D]         api_config.cpp:126   INFO| Loaded default config

[2026-07-08 10:37:32] 2026-07-08 10:37:32.067 (   0.015s) [        6CFFD79D]             common.cpp:78    INFO| git:64988c6a14b8dc3b3f270ece58eab4f480bfab43/branch:refs/tags/v1.17.7/build:Release/compiler:MSVC-19.29.30159.0/link:SHARED

[2026-07-08 10:37:33] [10:37:32] Category : Rest  |  [s] Stroop  [r] Reaction  [n] N-Back  [t] Rest  [q] Test1  [w] Test2  [e] Test3

[2026-07-08 10:37:34] [10:37:33] Category : Rest  |  [s] Stroop  [r] Reaction  [n] N-Back  [t] Rest  [q] Test1  [w] Test2  [e] Test3

[2026-07-08 10:37:34] [10:37:34] Category : Rest  |  [s] Stroop  [r] Reaction  [n] N-Back  [t] Rest  [q] Test1  [w] Test2  [e] Test3

[2026-07-08 10:37:34] Connected.

[2026-07-08 10:37:35] PMD capacity : 0f0e000000000000000000000000000000

[2026-07-08 10:37:35] PMD Response: f00201000000

[2026-07-08 10:37:36] [10:37:35] Category : Rest  |  [s] Stroop  [r] Reaction  [n] N-Back  [t] Rest  [q] Test1  [w] Test2  [e] Test3

[2026-07-08 10:37:36] Streams LSL active (HR + PPG).

[2026-07-08 10:37:37] [10:37:36] Category : Rest  |  [s] Stroop  [r] Reaction  [n] N-Back  [t] Rest  [q] Test1  [w] Test2  [e] Test3

[2026-07-08 10:37:38] [10:37:37] Category : Rest  |  [s] Stroop  [r] Reaction  [n] N-Back  [t] Rest  [q] Test1  [w] Test2  [e] Test3

[2026-07-08 10:37:39] [10:37:38] Category : Rest  |  [s] Stroop  [r] Reaction  [n] N-Back  [t] Rest  [q] Test1  [w] Test2  [e] Test3

[2026-07-08 10:37:40] [10:37:39] Category : Rest  |  [s] Stroop  [r] Reaction  [n] N-Back  [t] Rest  [q] Test1  [w] Test2  [e] Test3

[2026-07-08 10:37:41] [10:37:40] Category : Rest  |  [s] Stroop  [r] Reaction  [n] N-Back  [t] Rest  [q] Test1  [w] Test2  [e] Test3

[2026-07-08 10:37:42] [10:37:41] Category : Rest  |  [s] Stroop  [r] Reaction  [n] N-Back  [t] Rest  [q] Test1  [w] Test2  [e] Test3

[2026-07-08 10:37:43] [10:37:42] Category : Rest  |  [s] Stroop  [r] Reaction  [n] N-Back  [t] Rest  [q] Test1  [w] Test2  [e] Test3

[2026-07-08 10:37:44] [10:37:43] Category : Rest  |  [s] Stroop  [r] Reaction  [n] N-Back  [t] Rest  [q] Test1  [w] Test2  [e] Test3

[2026-07-08 10:37:45] [10:37:44] Category : Rest  |  [s] Stroop  [r] Reaction  [n] N-Back  [t] Rest  [q] Test1  [w] Test2  [e] Test3

[2026-07-08 10:37:46] [10:37:45] Category : Rest  |  [s] Stroop  [r] Reaction  [n] N-Back  [t] Rest  [q] Test1  [w] Test2  [e] Test3

[2026-07-08 10:37:47] [10:37:46] Category : Rest  |  [s] Stroop  [r] Reaction  [n] N-Back  [t] Rest  [q] Test1  [w] Test2  [e] Test3

[2026-07-08 10:37:48] [10:37:47] Category : Rest  |  [s] Stroop  [r] Reaction  [n] N-Back  [t] Rest  [q] Test1  [w] Test2  [e] Test3

[2026-07-08 10:37:49] [10:37:48] Category : Rest  |  [s] Stroop  [r] Reaction  [n] N-Back  [t] Rest  [q] Test1  [w] Test2  [e] Test3

[2026-07-08 10:37:50] [10:37:49] Category : Rest  |  [s] Stroop  [r] Reaction  [n] N-Back  [t] Rest  [q] Test1  [w] Test2  [e] Test3

[2026-07-08 10:37:51] [10:37:50] Category : Rest  |  [s] Stroop  [r] Reaction  [n] N-Back  [t] Rest  [q] Test1  [w] Test2  [e] Test3

[2026-07-08 10:37:52] [10:37:51] Category : Rest  |  [s] Stroop  [r] Reaction  [n] N-Back  [t] Rest  [q] Test1  [w] Test2  [e] Test3

[2026-07-08 10:37:53] [10:37:52] Category : Rest  |  [s] Stroop  [r] Reaction  [n] N-Back  [t] Rest  [q] Test1  [w] Test2  [e] Test3

[2026-07-08 10:37:54] [10:37:53] Category : Rest  |  [s] Stroop  [r] Reaction  [n] N-Back  [t] Rest  [q] Test1  [w] Test2  [e] Test3

[2026-07-08 10:37:55] [10:37:54] Category : Rest  |  [s] Stroop  [r] Reaction  [n] N-Back  [t] Rest  [q] Test1  [w] Test2  [e] Test3

[2026-07-08 10:37:56] [10:37:55] Category : Rest  |  [s] Stroop  [r] Reaction  [n] N-Back  [t] Rest  [q] Test1  [w] Test2  [e] Test3

[2026-07-08 10:37:57] [10:37:56] Category : Rest  |  [s] Stroop  [r] Reaction  [n] N-Back  [t] Rest  [q] Test1  [w] Test2  [e] Test3

[2026-07-08 10:37:58] [10:37:57] Category : Rest  |  [s] Stroop  [r] Reaction  [n] N-Back  [t] Rest  [q] Test1  [w] Test2  [e] Test3

[2026-07-08 10:37:59] [10:37:58] Category : Rest  |  [s] Stroop  [r] Reaction  [n] N-Back  [t] Rest  [q] Test1  [w] Test2  [e] Test3

[2026-07-08 10:38:00] [10:37:59] Category : Rest  |  [s] Stroop  [r] Reaction  [n] N-Back  [t] Rest  [q] Test1  [w] Test2  [e] Test3

[2026-07-08 10:38:01] [10:38:00] Category : Rest  |  [s] Stroop  [r] Reaction  [n] N-Back  [t] Rest  [q] Test1  [w] Test2  [e] Test3

[2026-07-08 10:38:02] [10:38:01] Category : Rest  |  [s] Stroop  [r] Reaction  [n] N-Back  [t] Rest  [q] Test1  [w] Test2  [e] Test3

[2026-07-08 10:38:03] [10:38:02] Category : Rest  |  [s] Stroop  [r] Reaction  [n] N-Back  [t] Rest  [q] Test1  [w] Test2  [e] Test3

[2026-07-08 10:38:04] [10:38:03] Category : Rest  |  [s] Stroop  [r] Reaction  [n] N-Back  [t] Rest  [q] Test1  [w] Test2  [e] Test3

[2026-07-08 10:38:05] [10:38:04] Category : Rest  |  [s] Stroop  [r] Reaction  [n] N-Back  [t] Rest  [q] Test1  [w] Test2  [e] Test3

[2026-07-08 10:38:06] [10:38:05] Category : Rest  |  [s] Stroop  [r] Reaction  [n] N-Back  [t] Rest  [q] Test1  [w] Test2  [e] Test3

[2026-07-08 10:38:07] [10:38:06] Category : Rest  |  [s] Stroop  [r] Reaction  [n] N-Back  [t] Rest  [q] Test1  [w] Test2  [e] Test3

[2026-07-08 10:38:08] [10:38:07] Category : Rest  |  [s] Stroop  [r] Reaction  [n] N-Back  [t] Rest  [q] Test1  [w] Test2  [e] Test3

[2026-07-08 10:38:09] [10:38:08] Category : Rest  |  [s] Stroop  [r] Reaction  [n] N-Back  [t] Rest  [q] Test1  [w] Test2  [e] Test3

[2026-07-08 10:38:10] [10:38:09] Category : Rest  |  [s] Stroop  [r] Reaction  [n] N-Back  [t] Rest  [q] Test1  [w] Test2  [e] Test3

[2026-07-08 10:38:11] [10:38:10] Category : Rest  |  [s] Stroop  [r] Reaction  [n] N-Back  [t] Rest  [q] Test1  [w] Test2  [e] Test3

[2026-07-08 10:38:12] [10:38:11] Category : Rest  |  [s] Stroop  [r] Reaction  [n] N-Back  [t] Rest  [q] Test1  [w] Test2  [e] Test3

[2026-07-08 10:38:13] [10:38:12] Category : Rest  |  [s] Stroop  [r] Reaction  [n] N-Back  [t] Rest  [q] Test1  [w] Test2  [e] Test3

[2026-07-08 10:38:14] [10:38:13] Category : Rest  |  [s] Stroop  [r] Reaction  [n] N-Back  [t] Rest  [q] Test1  [w] Test2  [e] Test3

[2026-07-08 10:38:15] [10:38:14] Category : Rest  |  [s] Stroop  [r] Reaction  [n] N-Back  [t] Rest  [q] Test1  [w] Test2  [e] Test3

[2026-07-08 10:38:16] [10:38:15] Category : Rest  |  [s] Stroop  [r] Reaction  [n] N-Back  [t] Rest  [q] Test1  [w] Test2  [e] Test3

[2026-07-08 10:38:17] [10:38:16] Category : Rest  |  [s] Stroop  [r] Reaction  [n] N-Back  [t] Rest  [q] Test1  [w] Test2  [e] Test3

[2026-07-08 10:38:18] [10:38:17] Category : Rest  |  [s] Stroop  [r] Reaction  [n] N-Back  [t] Rest  [q] Test1  [w] Test2  [e] Test3

[2026-07-08 10:38:18] 

[2026-07-08 10:38:18] [10:38:18] ▶ Category active : Reaction (Value : 1)

[2026-07-08 10:38:19] [10:38:18] Category : Reaction  |  [s] Stroop  [r] Reaction  [n] N-Back  [t] Rest  [q] Test1  [w] Test2  [e] Test3

[2026-07-08 10:38:20] [10:38:19] Category : Reaction  |  [s] Stroop  [r] Reaction  [n] N-Back  [t] Rest  [q] Test1  [w] Test2  [e] Test3

[2026-07-08 10:38:21] [10:38:20] Category : Reaction  |  [s] Stroop  [r] Reaction  [n] N-Back  [t] Rest  [q] Test1  [w] Test2  [e] Test3

[2026-07-08 10:38:22] [10:38:21] Category : Reaction  |  [s] Stroop  [r] Reaction  [n] N-Back  [t] Rest  [q] Test1  [w] Test2  [e] Test3

[2026-07-08 10:38:22] 

[2026-07-08 10:38:22] [10:38:22] ▶ Category active : Stroop (Value : 1)

[2026-07-08 10:38:23] [10:38:22] Category : Stroop  |  [s] Stroop  [r] Reaction  [n] N-Back  [t] Rest  [q] Test1  [w] Test2  [e] Test3

[2026-07-08 10:38:24] [10:38:23] Category : Stroop  |  [s] Stroop  [r] Reaction  [n] N-Back  [t] Rest  [q] Test1  [w] Test2  [e] Test3

[2026-07-08 10:38:25] [10:38:24] Category : Stroop  |  [s] Stroop  [r] Reaction  [n] N-Back  [t] Rest  [q] Test1  [w] Test2  [e] Test3

[2026-07-08 10:38:26] [10:38:25] Category : Stroop  |  [s] Stroop  [r] Reaction  [n] N-Back  [t] Rest  [q] Test1  [w] Test2  [e] Test3

[2026-07-08 10:38:26] 

[2026-07-08 10:38:26] [10:38:26] ▶ Category active : N-Back (Value : 1)

[2026-07-08 10:38:27] [10:38:26] Category : N-Back  |  [s] Stroop  [r] Reaction  [n] N-Back  [t] Rest  [q] Test1  [w] Test2  [e] Test3

[2026-07-08 10:38:28] [10:38:27] Category : N-Back  |  [s] Stroop  [r] Reaction  [n] N-Back  [t] Rest  [q] Test1  [w] Test2  [e] Test3

[2026-07-08 10:38:29] [10:38:28] Category : N-Back  |  [s] Stroop  [r] Reaction  [n] N-Back  [t] Rest  [q] Test1  [w] Test2  [e] Test3

[2026-07-08 10:38:30] [10:38:29] Category : N-Back  |  [s] Stroop  [r] Reaction  [n] N-Back  [t] Rest  [q] Test1  [w] Test2  [e] Test3

[2026-07-08 10:38:30] 

[2026-07-08 10:38:30] [10:38:30] ▶ Category active : Rest (Value : 0)

[2026-07-08 10:38:31] [10:38:30] Category : Rest  |  [s] Stroop  [r] Reaction  [n] N-Back  [t] Rest  [q] Test1  [w] Test2  [e] Test3

[2026-07-08 10:38:32] [10:38:31] Category : Rest  |  [s] Stroop  [r] Reaction  [n] N-Back  [t] Rest  [q] Test1  [w] Test2  [e] Test3

[2026-07-08 10:38:33] [10:38:32] Category : Rest  |  [s] Stroop  [r] Reaction  [n] N-Back  [t] Rest  [q] Test1  [w] Test2  [e] Test3

[2026-07-08 10:38:34] [10:38:33] Category : Rest  |  [s] Stroop  [r] Reaction  [n] N-Back  [t] Rest  [q] Test1  [w] Test2  [e] Test3

[2026-07-08 10:38:34] 

[2026-07-08 10:38:34] [10:38:34] ▶ Category active : Test1 (Value : 1)

[2026-07-08 10:38:35] [10:38:34] Category : Test1  |  [s] Stroop  [r] Reaction  [n] N-Back  [t] Rest  [q] Test1  [w] Test2  [e] Test3

[2026-07-08 10:38:36] [10:38:35] Category : Test1  |  [s] Stroop  [r] Reaction  [n] N-Back  [t] Rest  [q] Test1  [w] Test2  [e] Test3

[2026-07-08 10:38:37] [10:38:36] Category : Test1  |  [s] Stroop  [r] Reaction  [n] N-Back  [t] Rest  [q] Test1  [w] Test2  [e] Test3

[2026-07-08 10:38:38] [10:38:37] Category : Test1  |  [s] Stroop  [r] Reaction  [n] N-Back  [t] Rest  [q] Test1  [w] Test2  [e] Test3

[2026-07-08 10:38:38] 

[2026-07-08 10:38:38] [10:38:38] ▶ Category active : Test2 (Value : 1)

[2026-07-08 10:38:39] [10:38:38] Category : Test2  |  [s] Stroop  [r] Reaction  [n] N-Back  [t] Rest  [q] Test1  [w] Test2  [e] Test3

[2026-07-08 10:38:40] [10:38:39] Category : Test2  |  [s] Stroop  [r] Reaction  [n] N-Back  [t] Rest  [q] Test1  [w] Test2  [e] Test3

[2026-07-08 10:38:41] [10:38:40] Category : Test2  |  [s] Stroop  [r] Reaction  [n] N-Back  [t] Rest  [q] Test1  [w] Test2  [e] Test3

[2026-07-08 10:38:42] [10:38:41] Category : Test2  |  [s] Stroop  [r] Reaction  [n] N-Back  [t] Rest  [q] Test1  [w] Test2  [e] Test3

[2026-07-08 10:38:42] 

[2026-07-08 10:38:42] [10:38:42] ▶ Category active : Test3 (Value : 1)

[2026-07-08 10:38:43] [10:38:42] Category : Test3  |  [s] Stroop  [r] Reaction  [n] N-Back  [t] Rest  [q] Test1  [w] Test2  [e] Test3

[2026-07-08 10:38:44] [10:38:43] Category : Test3  |  [s] Stroop  [r] Reaction  [n] N-Back  [t] Rest  [q] Test1  [w] Test2  [e] Test3

[2026-07-08 10:38:45] [10:38:44] Category : Test3  |  [s] Stroop  [r] Reaction  [n] N-Back  [t] Rest  [q] Test1  [w] Test2  [e] Test3

[2026-07-08 10:38:46] [10:38:45] Category : Test3  |  [s] Stroop  [r] Reaction  [n] N-Back  [t] Rest  [q] Test1  [w] Test2  [e] Test3

[2026-07-08 10:38:47] [10:38:46] Category : Test3  |  [s] Stroop  [r] Reaction  [n] N-Back  [t] Rest  [q] Test1  [w] Test2  [e] Test3

[2026-07-08 10:38:48] [10:38:47] Category : Test3  |  [s] Stroop  [r] Reaction  [n] N-Back  [t] Rest  [q] Test1  [w] Test2  [e] Test3

[2026-07-08 10:38:49] [10:38:48] Category : Test3  |  [s] Stroop  [r] Reaction  [n] N-Back  [t] Rest  [q] Test1  [w] Test2  [e] Test3

[2026-07-08 10:38:50] [10:38:49] Category : Test3  |  [s] Stroop  [r] Reaction  [n] N-Back  [t] Rest  [q] Test1  [w] Test2  [e] Test3

[2026-07-08 10:38:51] [10:38:50] Category : Test3  |  [s] Stroop  [r] Reaction  [n] N-Back  [t] Rest  [q] Test1  [w] Test2  [e] Test3

[2026-07-08 10:38:52] [10:38:51] Category : Test3  |  [s] Stroop  [r] Reaction  [n] N-Back  [t] Rest  [q] Test1  [w] Test2  [e] Test3

[2026-07-08 10:38:53] [10:38:52] Category : Test3  |  [s] Stroop  [r] Reaction  [n] N-Back  [t] Rest  [q] Test1  [w] Test2  [e] Test3

[2026-07-08 10:38:54] [10:38:53] Category : Test3  |  [s] Stroop  [r] Reaction  [n] N-Back  [t] Rest  [q] Test1  [w] Test2  [e] Test3

[2026-07-08 10:38:55] [10:38:54] Category : Test3  |  [s] Stroop  [r] Reaction  [n] N-Back  [t] Rest  [q] Test1  [w] Test2  [e] Test3

[2026-07-08 10:38:56] Stop the process

[2026-07-08 10:38:56] [10:38:55] Category : Test3  |  [s] Stroop  [r] Reaction  [n] N-Back  [t] Rest  [q] Test1  [w] Test2  [e] Test3

